[2026-08-25 18:01:02] ── pornesc actualizarea ──
Baza existenta: 300 acte
→ pagina 1/6
  · sesiune initializata (1 cookie-uri)
  50 acte (total unic: 50)
→ pagina 2/6
  48 acte (total unic: 98)
→ pagina 3/6
  50 acte (total unic: 148)
→ pagina 4/6
  46 acte (total unic: 194)
→ pagina 5/6
  46 acte (total unic: 240)
→ pagina 6/6
  50 acte (total unic: 290)
Text integral disponibil pentru 51 acte (0 fisiere eliminate)

300 acte in baza (0 noi, 0 eliminate prin retentie)

Cele mai relevante acte din aceasta rulare:
  [8] Muncă și dialog social — DECIZIA nr. 77 din 22 iunie 2026
  [8] Protecție socială și pensii — ANEXE din 12 august 2026
  [8] Protecție socială și pensii — ORDIN nr. 197 din 12 august 2026
  [8] Fiscalitate și buget — ORDIN nr. 685 din 29 mai 2026
  [8] Muncă și dialog social — DECIZIA nr. 40 din 9 martie 2026
dist/radar-legislativ.html — 300 acte, 51 cu text integral, 0.78 MB
[2026-08-25 18:01:26] Gata: 0 acte noi, 300 în total. Artefactul poate fi republicat.
[2026-08-25 18:01:26] Republic artefactul…
[2026-08-25 18:02:00] Artefact republicat.
