[2026-08-25 17:47:37] ── pornesc actualizarea ──
Baza existenta: 100 acte
→ pagina 1/6
  · sesiune initializata (1 cookie-uri)
  50 acte (total unic: 50)
→ pagina 2/6
  50 acte (total unic: 100)
→ pagina 3/6
  50 acte (total unic: 150)
→ pagina 4/6
  46 acte (total unic: 196)
→ pagina 5/6
  46 acte (total unic: 242)
→ pagina 6/6
  40 acte (total unic: 282)

Text integral: 40 de descarcat (3 in coada)
  · sesiune initializata (1 cookie-uri)
  ✓ LEGE 175
  ✓ HOTARARE 649
  ✓ ORDIN 4689
  ✓ DECIZIE 77
  ✓ HOTARARE 647
  ✓ ORDIN 1506
  ✓ DECIZIE 35
  ✓ DECIZIE 80
  ✓ ORDIN 4649
  ✓ ANEXA 313580
  ✓ PROCEDURA 313512
  ✓ ORDIN 1135
  ✓ ORDIN 197
  ✓ ORDIN 4616
  ✓ HOTARARE 613
  ✓ ORDIN 1086
  ✓ LEGE 174
  ✓ ORDIN 4615
  ✓ LEGE 173
  ✓ ORDIN 1241
  ✓ ORDIN 923
  ✓ ORDIN 924
  ✓ ORDIN 1010
  ✓ ORDIN 898
  ✓ ORDIN 1011
  ✓ ORDIN 685
  ✓ ORDIN 887
  ✓ REGULAMENT 313377
  ✓ ORDIN 4639
  ✓ ORDIN 4578
  ✓ ORDIN 4577
  ✓ ORDIN 1171
  ✓ ORDIN 976
  ✓ ORDIN 995
  ✓ ORDIN 901
  ✓ ORDIN 990
  ✓ ORDIN 906
  ✓ ORDIN 997
  ✓ ORDIN 903
  ✓ ORDIN 991
Text integral disponibil pentru 43 acte (0 fisiere eliminate)

282 acte in baza (182 noi, 0 eliminate prin retentie)

Cele mai relevante acte din aceasta rulare:
  [8] Muncă și dialog social — DECIZIA nr. 77 din 22 iunie 2026
  [8] Protecție socială și pensii — ANEXE din 12 august 2026
  [8] Protecție socială și pensii — ORDIN nr. 197 din 12 august 2026
  [8] Fiscalitate și buget — ORDIN nr. 685 din 29 mai 2026
[2026-08-25 17:49:09] Publicat: 182 acte noi, 282 în total.
